/app/workspace/manual-test/main.cpp: In function 'std::vector<int> twoSum(std::vector<int>&, int)':
/app/workspace/manual-test/main.cpp:8:23: warning: comparison of integer expressions of different signedness: 'int' and 'std::vector<int>::size_type' {aka 'long unsigned int'} [-Wsign-compare]
    8 |     for (int i = 0; i < nums.size(); i++) {
      |                     ~~^~~~~~~~~~~~~
